* using log directory 'C:/Temp/Projects/extermal/v2_EnvRtype/EnvRtype/EnvRtype.Rcheck'
* using R version 4.6.1 (2026-06-24 ucrt)
* using platform: x86_64-w64-mingw32
* R was compiled by
    gcc.exe (GCC) 14.3.0
    GNU Fortran (GCC) 14.3.0
* running under: Windows 11 x64 (build 26100)
* using session charset: UTF-8
* current time: 2026-09-30 19:12:17 UTC
* using option '--as-cran'
* checking for file 'EnvRtype/DESCRIPTION' ... OK
* checking extension type ... Package
* this is package 'EnvRtype' version '0.1.0'
* package encoding: UTF-8
* checking CRAN incoming feasibility ... [26s] NOTE
Maintainer: 'Germano Costa-Neto <germano.cneto@gmail.com>'

New submission
* checking package namespace information ... OK
* checking package dependencies ... ERROR
Packages suggested but not available:
  'ggrepel', 'mclust', 'randomForest', 'sf'

The suggested packages are required for a complete check.
Checking can be attempted without them by setting the environment
variable _R_CHECK_FORCE_SUGGESTS_ to a false value.

See section 'The DESCRIPTION file' in the 'Writing R Extensions'
manual.
* DONE
Status: 1 ERROR, 1 NOTE
